[angular.io/index.html]
[backblue.gif]
[fade.gif]
[index.html]
[angular.io/assets/opensearch.xml]
[angular.io/assets/images/favicons/favicon.ico]
[angular.io/assets/images/favicons/favicon-32x32.png]
[angular.io/assets/images/favicons/favicon-194x194.png]
[angular.io/assets/images/favicons/favicon-96x96.png]
[angular.io/assets/images/favicons/favicon-16x16.png]
[angular.io/assets/images/favicons/favicon-144x144.png]
[angular.io/light-theme.css]
[angular.io/dark-theme.css]
[angular.io/pwa-manifest.json]
[www.google-analytics.com/analytics.js]
[angular.io/styles.8eba3cc181255872ed8b.css]
[angular.io/generated/js/custom-elements-es5-polyfills.js]
[angular.io/runtime-es2017.56e967b466f3a22035f5.js]
[angular.io/runtime-es5.56e967b466f3a22035f5.js]
[angular.io/polyfills-es5.7dd4ba532747d19e4156.js]
[angular.io/polyfills-es2017.020369d0717706f8c675.js]
[angular.io/main-es2017.3f7e5a6918e60ac40db4.js]
[angular.io/index.html]
[angular.io/light-theme.css]
[angular.io/dark-theme.css]
[angular.io/main-es5.3f7e5a6918e60ac40db4.js]
[angular.io/assets/images/logos/angular/angular_whiteTransparent_withMargin.png]
[angular.io/assets/images/logos/angular/angular.svg]
[angular.io/styles.8eba3cc181255872ed8b.css]
[angular.io/assets/images/logos/angular/angular.svg]
